// Jest Snapshot v1, https://goo.gl/fbAQLP

exports[`renders homepage unchanged 1`] = `
<div
  className="container"
>
  <main>
    <h1
      className="title"
    >
      Welcome to My Movies List
    </h1>
    <p
      className="description"
      data-testid="subtitle"
    >
      Scroll down to see the top 500 movies
    </p>
    <div
      className="switcherWrapper"
    >
      <div>
        <span
          style={
            Object {
              "margin": "0 0 5px",
              "textAlign": "center",
            }
          }
        >
          Sort: 
        </span>
        <input
          className="checkbox"
          defaultChecked={true}
          id="ascending"
          name="switch"
          onChange={[Function]}
          type="radio"
          value="ascending"
        />
        <label
          aria-label="ascending"
          htmlFor="ascending"
        >
          ↑
        </label>
        <input
          className="checkbox"
          id="descending"
          name="switch"
          onChange={[Function]}
          type="radio"
          value="descending"
        />
        <label
          aria-label="descending"
          htmlFor="descending"
        >
          ↓
        </label>
      </div>
    </div>
    <div
      className="cardWrapper"
      style={
        Object {
          "backgroundColor": "transparent",
        }
      }
    >
      <div
        className="starWrapper"
      >
        <span
          className="star"
          onClick={[Function]}
          style={
            Object {
              "color": "black",
            }
          }
        >
          ★
        </span>
      </div>
      <a
        href="https://www.themoviedb.org/movie/283566"
      >
        <div
          className="card"
        >
          <div
            className="imageWrapper"
          >
            <div
              style={
                Object {
                  "boxSizing": "border-box",
                  "display": "inline-block",
                  "margin": 0,
                  "maxWidth": "100%",
                  "overflow": "hidden",
                  "position": "relative",
                }
              }
            >
              <div
                style={
                  Object {
                    "boxSizing": "border-box",
                    "display": "block",
                    "maxWidth": "100%",
                  }
                }
              >
                <img
                  alt=""
                  aria-hidden={true}
                  src="data:image/svg+xml;base64,PHN2ZyB3aWR0aD0iMzAwIiBoZWlnaHQ9IjE2OSIgeG1sbnM9Imh0dHA6Ly93d3cudzMub3JnLzIwMDAvc3ZnIiB2ZXJzaW9uPSIxLjEiLz4="
                  style={
                    Object {
                      "border": "none",
                      "display": "block",
                      "margin": 0,
                      "maxWidth": "100%",
                      "padding": 0,
                    }
                  }
                />
              </div>
              <img
                alt="Evangelion: 3.0+1.0 Thrice Upon a Time"
                className="image"
                data-nimg="intrinsic"
                decoding="async"
                src="data:image/gif;base64,R0lGODlhAQABAIAAAAAAAP///yH5BAEAAAAALAAAAAABAAEAAAIBRAA7"
                style={
                  Object {
                    "border": "none",
                    "bottom": 0,
                    "boxSizing": "border-box",
                    "display": "block",
                    "height": 0,
                    "left": 0,
                    "margin": "auto",
                    "maxHeight": "100%",
                    "maxWidth": "100%",
                    "minHeight": "100%",
                    "minWidth": "100%",
                    "objectFit": undefined,
                    "objectPosition": undefined,
                    "padding": 0,
                    "position": "absolute",
                    "right": 0,
                    "top": 0,
                    "width": 0,
                  }
                }
              />
              <noscript>
                <img
                  alt="Evangelion: 3.0+1.0 Thrice Upon a Time"
                  className="image"
                  data-nimg="intrinsic"
                  decoding="async"
                  loading="lazy"
                  src="/_next/image?url=https%3A%2F%2Fimage.tmdb.org%2Ft%2Fp%2Fw300%2F1EAxNqdkVnp48a7NUuNBHGflowM.jpg&w=640&q=75"
                  srcSet="/_next/image?url=https%3A%2F%2Fimage.tmdb.org%2Ft%2Fp%2Fw300%2F1EAxNqdkVnp48a7NUuNBHGflowM.jpg&w=384&q=75 1x, /_next/image?url=https%3A%2F%2Fimage.tmdb.org%2Ft%2Fp%2Fw300%2F1EAxNqdkVnp48a7NUuNBHGflowM.jpg&w=640&q=75 2x"
                  style={
                    Object {
                      "border": "none",
                      "bottom": 0,
                      "boxSizing": "border-box",
                      "display": "block",
                      "height": 0,
                      "left": 0,
                      "margin": "auto",
                      "maxHeight": "100%",
                      "maxWidth": "100%",
                      "minHeight": "100%",
                      "minWidth": "100%",
                      "objectFit": undefined,
                      "objectPosition": undefined,
                      "padding": 0,
                      "position": "absolute",
                      "right": 0,
                      "top": 0,
                      "width": 0,
                    }
                  }
                />
              </noscript>
            </div>
          </div>
          <div
            className="detailsWrapper"
          >
            <ul
              className="cardItemsWrapper"
            >
              <li>
                <h3
                  className="title"
                  style={
                    Object {
                      "color": "darkgray",
                    }
                  }
                >
                  Title
                </h3>
                <p
                  className="value"
                  data-testid="title-text"
                  style={
                    Object {
                      "color": "black",
                    }
                  }
                >
                  Evangelion: 3.0+1.0 Thrice Upon a Time
                </p>
              </li>
              <li>
                <h3
                  className="title"
                  style={
                    Object {
                      "color": "darkgray",
                    }
                  }
                >
                  Current Rating
                </h3>
                <p
                  className="value"
                  style={
                    Object {
                      "color": "black",
                    }
                  }
                >
                  8.7
                </p>
              </li>
              <li>
                <h3
                  className="title"
                  style={
                    Object {
                      "color": "darkgray",
                    }
                  }
                >
                  Year
                </h3>
                <p
                  className="value"
                  style={
                    Object {
                      "color": "black",
                    }
                  }
                >
                  2021
                </p>
              </li>
            </ul>
          </div>
        </div>
      </a>
    </div>
    <div
      className="cardWrapper"
      style={
        Object {
          "backgroundColor": "transparent",
        }
      }
    >
      <div
        className="starWrapper"
      >
        <span
          className="star"
          onClick={[Function]}
          style={
            Object {
              "color": "black",
            }
          }
        >
          ★
        </span>
      </div>
      <a
        href="https://www.themoviedb.org/movie/278"
      >
        <div
          className="card"
        >
          <div
            className="imageWrapper"
          >
            <div
              style={
                Object {
                  "boxSizing": "border-box",
                  "display": "inline-block",
                  "margin": 0,
                  "maxWidth": "100%",
                  "overflow": "hidden",
                  "position": "relative",
                }
              }
            >
              <div
                style={
                  Object {
                    "boxSizing": "border-box",
                    "display": "block",
                    "maxWidth": "100%",
                  }
                }
              >
                <img
                  alt=""
                  aria-hidden={true}
                  src="data:image/svg+xml;base64,PHN2ZyB3aWR0aD0iMzAwIiBoZWlnaHQ9IjE2OSIgeG1sbnM9Imh0dHA6Ly93d3cudzMub3JnLzIwMDAvc3ZnIiB2ZXJzaW9uPSIxLjEiLz4="
                  style={
                    Object {
                      "border": "none",
                      "display": "block",
                      "margin": 0,
                      "maxWidth": "100%",
                      "padding": 0,
                    }
                  }
                />
              </div>
              <img
                alt="The Shawshank Redemption"
                className="image"
                data-nimg="intrinsic"
                decoding="async"
                src="data:image/gif;base64,R0lGODlhAQABAIAAAAAAAP///yH5BAEAAAAALAAAAAABAAEAAAIBRAA7"
                style={
                  Object {
                    "border": "none",
                    "bottom": 0,
                    "boxSizing": "border-box",
                    "display": "block",
                    "height": 0,
                    "left": 0,
                    "margin": "auto",
                    "maxHeight": "100%",
                    "maxWidth": "100%",
                    "minHeight": "100%",
                    "minWidth": "100%",
                    "objectFit": undefined,
                    "objectPosition": undefined,
                    "padding": 0,
                    "position": "absolute",
                    "right": 0,
                    "top": 0,
                    "width": 0,
                  }
                }
              />
              <noscript>
                <img
                  alt="The Shawshank Redemption"
                  className="image"
                  data-nimg="intrinsic"
                  decoding="async"
                  loading="lazy"
                  src="/_next/image?url=https%3A%2F%2Fimage.tmdb.org%2Ft%2Fp%2Fw300%2F9Xw0I5RV2ZqNLpul6lXKoviYg55.jpg&w=640&q=75"
                  srcSet="/_next/image?url=https%3A%2F%2Fimage.tmdb.org%2Ft%2Fp%2Fw300%2F9Xw0I5RV2ZqNLpul6lXKoviYg55.jpg&w=384&q=75 1x, /_next/image?url=https%3A%2F%2Fimage.tmdb.org%2Ft%2Fp%2Fw300%2F9Xw0I5RV2ZqNLpul6lXKoviYg55.jpg&w=640&q=75 2x"
                  style={
                    Object {
                      "border": "none",
                      "bottom": 0,
                      "boxSizing": "border-box",
                      "display": "block",
                      "height": 0,
                      "left": 0,
                      "margin": "auto",
                      "maxHeight": "100%",
                      "maxWidth": "100%",
                      "minHeight": "100%",
                      "minWidth": "100%",
                      "objectFit": undefined,
                      "objectPosition": undefined,
                      "padding": 0,
                      "position": "absolute",
                      "right": 0,
                      "top": 0,
                      "width": 0,
                    }
                  }
                />
              </noscript>
            </div>
          </div>
          <div
            className="detailsWrapper"
          >
            <ul
              className="cardItemsWrapper"
            >
              <li>
                <h3
                  className="title"
                  style={
                    Object {
                      "color": "darkgray",
                    }
                  }
                >
                  Title
                </h3>
                <p
                  className="value"
                  data-testid="title-text"
                  style={
                    Object {
                      "color": "black",
                    }
                  }
                >
                  The Shawshank Redemption
                </p>
              </li>
              <li>
                <h3
                  className="title"
                  style={
                    Object {
                      "color": "darkgray",
                    }
                  }
                >
                  Current Rating
                </h3>
                <p
                  className="value"
                  style={
                    Object {
                      "color": "black",
                    }
                  }
                >
                  8.7
                </p>
              </li>
              <li>
                <h3
                  className="title"
                  style={
                    Object {
                      "color": "darkgray",
                    }
                  }
                >
                  Year
                </h3>
                <p
                  className="value"
                  style={
                    Object {
                      "color": "black",
                    }
                  }
                >
                  1994
                </p>
              </li>
            </ul>
          </div>
        </div>
      </a>
    </div>
    <div
      className="cardWrapper"
      style={
        Object {
          "backgroundColor": "transparent",
        }
      }
    >
      <div
        className="starWrapper"
      >
        <span
          className="star"
          onClick={[Function]}
          style={
            Object {
              "color": "black",
            }
          }
        >
          ★
        </span>
      </div>
      <a
        href="https://www.themoviedb.org/movie/724089"
      >
        <div
          className="card"
        >
          <div
            className="imageWrapper"
          >
            <div
              style={
                Object {
                  "boxSizing": "border-box",
                  "display": "inline-block",
                  "margin": 0,
                  "maxWidth": "100%",
                  "overflow": "hidden",
                  "position": "relative",
                }
              }
            >
              <div
                style={
                  Object {
                    "boxSizing": "border-box",
                    "display": "block",
                    "maxWidth": "100%",
                  }
                }
              >
                <img
                  alt=""
                  aria-hidden={true}
                  src="data:image/svg+xml;base64,PHN2ZyB3aWR0aD0iMzAwIiBoZWlnaHQ9IjE2OSIgeG1sbnM9Imh0dHA6Ly93d3cudzMub3JnLzIwMDAvc3ZnIiB2ZXJzaW9uPSIxLjEiLz4="
                  style={
                    Object {
                      "border": "none",
                      "display": "block",
                      "margin": 0,
                      "maxWidth": "100%",
                      "padding": 0,
                    }
                  }
                />
              </div>
              <img
                alt="Gabriel's Inferno Part II"
                className="image"
                data-nimg="intrinsic"
                decoding="async"
                src="data:image/gif;base64,R0lGODlhAQABAIAAAAAAAP///yH5BAEAAAAALAAAAAABAAEAAAIBRAA7"
                style={
                  Object {
                    "border": "none",
                    "bottom": 0,
                    "boxSizing": "border-box",
                    "display": "block",
                    "height": 0,
                    "left": 0,
                    "margin": "auto",
                    "maxHeight": "100%",
                    "maxWidth": "100%",
                    "minHeight": "100%",
                    "minWidth": "100%",
                    "objectFit": undefined,
                    "objectPosition": undefined,
                    "padding": 0,
                    "position": "absolute",
                    "right": 0,
                    "top": 0,
                    "width": 0,
                  }
                }
              />
              <noscript>
                <img
                  alt="Gabriel's Inferno Part II"
                  className="image"
                  data-nimg="intrinsic"
                  decoding="async"
                  loading="lazy"
                  src="/_next/image?url=https%3A%2F%2Fimage.tmdb.org%2Ft%2Fp%2Fw300%2FjtAI6OJIWLWiRItNSZoWjrsUtmi.jpg&w=640&q=75"
                  srcSet="/_next/image?url=https%3A%2F%2Fimage.tmdb.org%2Ft%2Fp%2Fw300%2FjtAI6OJIWLWiRItNSZoWjrsUtmi.jpg&w=384&q=75 1x, /_next/image?url=https%3A%2F%2Fimage.tmdb.org%2Ft%2Fp%2Fw300%2FjtAI6OJIWLWiRItNSZoWjrsUtmi.jpg&w=640&q=75 2x"
                  style={
                    Object {
                      "border": "none",
                      "bottom": 0,
                      "boxSizing": "border-box",
                      "display": "block",
                      "height": 0,
                      "left": 0,
                      "margin": "auto",
                      "maxHeight": "100%",
                      "maxWidth": "100%",
                      "minHeight": "100%",
                      "minWidth": "100%",
                      "objectFit": undefined,
                      "objectPosition": undefined,
                      "padding": 0,
                      "position": "absolute",
                      "right": 0,
                      "top": 0,
                      "width": 0,
                    }
                  }
                />
              </noscript>
            </div>
          </div>
          <div
            className="detailsWrapper"
          >
            <ul
              className="cardItemsWrapper"
            >
              <li>
                <h3
                  className="title"
                  style={
                    Object {
                      "color": "darkgray",
                    }
                  }
                >
                  Title
                </h3>
                <p
                  className="value"
                  data-testid="title-text"
                  style={
                    Object {
                      "color": "black",
                    }
                  }
                >
                  Gabriel's Inferno Part II
                </p>
              </li>
              <li>
                <h3
                  className="title"
                  style={
                    Object {
                      "color": "darkgray",
                    }
                  }
                >
                  Current Rating
                </h3>
                <p
                  className="value"
                  style={
                    Object {
                      "color": "black",
                    }
                  }
                >
                  8.7
                </p>
              </li>
              <li>
                <h3
                  className="title"
                  style={
                    Object {
                      "color": "darkgray",
                    }
                  }
                >
                  Year
                </h3>
                <p
                  className="value"
                  style={
                    Object {
                      "color": "black",
                    }
                  }
                >
                  2020
                </p>
              </li>
            </ul>
          </div>
        </div>
      </a>
    </div>
  </main>
</div>
`;
